11:13:02 [INFO] Main: Running threads
11:13:02 [INFO] WebSocket: Started WebSocket server on :1026
11:13:02 [INFO] HTTPServer: Started HTTP server on :1025
11:13:02 [INFO] Lidar[/dev/ttyUSB0]: Scan started
11:13:02 [INFO] rplidar: Starting motor
11:13:02 [INFO] rplidar: starting scan process in normal mode
11:13:02 [INFO] Main: Started main. Type `quit` to exit.
11:13:02 [INFO] rplidar: Stopping scanning
11:13:02 [INFO] Lidar[/dev/ttyUSB0]: Scan started
11:13:02 [INFO] rplidar: Starting motor
11:13:02 [INFO] rplidar: starting scan process in normal mode
11:13:03 [INFO] Map[./chunks]: Creating chunk at 1 -1
11:13:03 [INFO] Map[./chunks]: Creating chunk at 0 0
11:13:03 [INFO] Map[./chunks]: Creating chunk at -1 0
11:13:03 [INFO] Map[./chunks]: Creating chunk at -1 -1
11:13:03 [INFO] Map[./chunks]: Creating chunk at 0 -1
11:13:03 [INFO] Map[./chunks]: Creating chunk at 0 -2
11:13:03 [INFO] Map[./chunks]: Creating chunk at 1 1
11:13:03 [INFO] Map[./chunks]: Creating chunk at 1 0
11:13:08 [INFO] websockets.server: connection open
11:13:09 [INFO] Map[./chunks]: Creating chunk at 0 1
11:13:13 [INFO] Map[./chunks]: Finding path from (0, 0) to (-256.66666666666663, -1153.3333333333333)
11:13:35 [INFO] Map[./chunks]: Creating chunk at 3 0
11:13:35 [INFO] rplidar: Stopping scanning
11:13:35 [INFO] Lidar[/dev/ttyUSB0]: Scan started
11:13:35 [INFO] rplidar: Starting motor
11:13:35 [INFO] rplidar: starting scan process in normal mode
11:13:42 [INFO] rplidar: Stopping scanning
11:13:42 [INFO] Lidar[/dev/ttyUSB0]: Scan started
11:13:42 [INFO] rplidar: Starting motor
11:13:42 [INFO] rplidar: starting scan process in normal mode
11:13:55 [INFO] rplidar: Stopping scanning
11:13:55 [INFO] Lidar[/dev/ttyUSB0]: Scan started
11:13:55 [INFO] rplidar: Starting motor
11:13:55 [INFO] rplidar: starting scan process in normal mode
11:13:58 [ERROR] websockets.server: keepalive ping failed
TimeoutError: timed out while closing connection

The above exception was the direct cause of the following exception:

Traceback (most recent call last):
  File "/home/qefy/Desktop/vadimych1/venv/lib/python3.10/site-packages/websockets/sync/connection.py", line 777, in keepalive
    with self.send_context():
  File "/usr/local/lib/python3.10/contextlib.py", line 142, in __exit__
    next(self.gen)
  File "/home/qefy/Desktop/vadimych1/venv/lib/python3.10/site-packages/websockets/sync/connection.py", line 1012, in send_context
    raise self.protocol.close_exc from original_exc
websockets.exceptions.ConnectionClosedError: sent 1011 (internal error) keepalive ping timeout; no close frame received
11:14:04 [INFO] rplidar: Stopping scanning
11:14:04 [INFO] Lidar[/dev/ttyUSB0]: Scan started
11:14:04 [INFO] rplidar: Starting motor
11:14:04 [INFO] rplidar: starting scan process in normal mode
11:14:15 [INFO] rplidar: Stopping scanning
11:14:16 [INFO] Lidar[/dev/ttyUSB0]: Scan started
11:14:16 [INFO] rplidar: Starting motor
11:14:16 [INFO] rplidar: starting scan process in normal mode
11:14:31 [INFO] rplidar: Stopping scanning
11:14:32 [INFO] Lidar[/dev/ttyUSB0]: Scan started
11:14:32 [INFO] rplidar: Starting motor
11:14:32 [INFO] rplidar: starting scan process in normal mode
