13:41:42 [INFO] Main: Running threads
13:41:42 [INFO] WebSocket: Started WebSocket server on :1026
13:41:42 [INFO] HTTPServer: Started HTTP server on :1025
13:41:42 [INFO] Lidar[/dev/ttyUSB0]: Scan started
13:41:42 [INFO] rplidar: Starting motor
13:41:42 [INFO] rplidar: starting scan process in normal mode
13:41:42 [INFO] rplidar: Stopping scanning
13:41:42 [INFO] Main: Started main. Type `quit` to exit.
13:41:42 [INFO] Lidar[/dev/ttyUSB0]: Scan started
13:41:42 [INFO] rplidar: Starting motor
13:41:42 [INFO] rplidar: starting scan process in normal mode
13:41:43 [INFO] Map[./chunks]: Creating chunk at 0 3
13:41:43 [INFO] Map[./chunks]: Creating chunk at 3 2
13:41:48 [INFO] Map[./chunks]: Creating chunk at -1 4
13:41:49 [INFO] websockets.server: connection open
13:41:51 [INFO] Map[./chunks]: Creating chunk at 0 4
13:41:57 [INFO] rplidar: Stopping scanning
13:41:57 [INFO] Lidar[/dev/ttyUSB0]: Scan started
13:41:57 [INFO] rplidar: Starting motor
13:41:57 [INFO] rplidar: starting scan process in normal mode
13:42:06 [INFO] Map[./chunks]: Creating chunk at 3 3
13:42:10 [INFO] Map[./chunks]: Creating chunk at -1 3
13:42:11 [INFO] rplidar: Stopping scanning
13:42:11 [INFO] Lidar[/dev/ttyUSB0]: Scan started
13:42:11 [INFO] rplidar: Starting motor
13:42:11 [INFO] rplidar: starting scan process in normal mode
13:42:13 [INFO] Map[./chunks]: Creating chunk at 1 3
13:42:14 [INFO] Map[./chunks]: Creating chunk at 1 -3
13:42:27 [INFO] rplidar: Stopping scanning
13:42:27 [INFO] Lidar[/dev/ttyUSB0]: Scan started
13:42:27 [INFO] rplidar: Starting motor
13:42:27 [INFO] rplidar: starting scan process in normal mode
13:42:41 [INFO] rplidar: Stopping scanning
13:42:41 [INFO] Lidar[/dev/ttyUSB0]: Scan started
13:42:41 [INFO] rplidar: Starting motor
13:42:41 [INFO] rplidar: starting scan process in normal mode
13:42:46 [INFO] Map[./chunks]: Creating chunk at 3 1
13:42:56 [INFO] rplidar: Stopping scanning
13:42:56 [INFO] Lidar[/dev/ttyUSB0]: Scan started
13:42:56 [INFO] rplidar: Starting motor
13:42:56 [INFO] rplidar: starting scan process in normal mode
13:43:11 [INFO] rplidar: Stopping scanning
13:43:11 [INFO] Lidar[/dev/ttyUSB0]: Scan started
13:43:11 [INFO] rplidar: Starting motor
13:43:11 [INFO] rplidar: starting scan process in normal mode
13:43:19 [ERROR] websockets.server: keepalive ping failed
TimeoutError: timed out while closing connection

The above exception was the direct cause of the following exception:

Traceback (most recent call last):
  File "/home/qefy/Desktop/vadimych1/venv/lib/python3.10/site-packages/websockets/sync/connection.py", line 777, in keepalive
    with self.send_context():
  File "/usr/local/lib/python3.10/contextlib.py", line 142, in __exit__
    next(self.gen)
  File "/home/qefy/Desktop/vadimych1/venv/lib/python3.10/site-packages/websockets/sync/connection.py", line 1012, in send_context
    raise self.protocol.close_exc from original_exc
websockets.exceptions.ConnectionClosedError: sent 1011 (internal error) keepalive ping timeout; no close frame received
13:43:25 [INFO] rplidar: Stopping scanning
13:43:25 [INFO] Lidar[/dev/ttyUSB0]: Scan started
13:43:25 [INFO] rplidar: Starting motor
13:43:25 [INFO] rplidar: starting scan process in normal mode
13:43:40 [INFO] rplidar: Stopping scanning
13:43:40 [INFO] Lidar[/dev/ttyUSB0]: Scan started
13:43:40 [INFO] rplidar: Starting motor
13:43:40 [INFO] rplidar: starting scan process in normal mode
13:43:55 [INFO] rplidar: Stopping scanning
13:43:55 [INFO] Lidar[/dev/ttyUSB0]: Scan started
13:43:55 [INFO] rplidar: Starting motor
13:43:55 [INFO] rplidar: starting scan process in normal mode
13:43:56 [INFO] Map[./chunks]: Creating chunk at 1 -4
13:44:09 [INFO] rplidar: Stopping scanning
13:44:09 [INFO] Lidar[/dev/ttyUSB0]: Scan started
13:44:09 [INFO] rplidar: Starting motor
13:44:09 [INFO] rplidar: starting scan process in normal mode
13:44:25 [INFO] rplidar: Stopping scanning
13:44:25 [INFO] Lidar[/dev/ttyUSB0]: Scan started
13:44:25 [INFO] rplidar: Starting motor
13:44:25 [INFO] rplidar: starting scan process in normal mode
13:44:40 [INFO] rplidar: Stopping scanning
13:44:40 [INFO] Lidar[/dev/ttyUSB0]: Scan started
13:44:40 [INFO] rplidar: Starting motor
13:44:40 [INFO] rplidar: starting scan process in normal mode
13:44:55 [INFO] rplidar: Stopping scanning
13:44:55 [INFO] Lidar[/dev/ttyUSB0]: Scan started
13:44:55 [INFO] rplidar: Starting motor
13:44:55 [INFO] rplidar: starting scan process in normal mode
13:45:10 [INFO] rplidar: Stopping scanning
13:45:11 [INFO] Lidar[/dev/ttyUSB0]: Scan started
13:45:11 [INFO] rplidar: Starting motor
13:45:11 [INFO] rplidar: starting scan process in normal mode
13:45:26 [INFO] rplidar: Stopping scanning
13:45:26 [INFO] Lidar[/dev/ttyUSB0]: Scan started
13:45:26 [INFO] rplidar: Starting motor
13:45:26 [INFO] rplidar: starting scan process in normal mode
13:45:41 [INFO] rplidar: Stopping scanning
13:45:41 [INFO] Lidar[/dev/ttyUSB0]: Scan started
13:45:41 [INFO] rplidar: Starting motor
13:45:41 [INFO] rplidar: starting scan process in normal mode
13:45:57 [INFO] rplidar: Stopping scanning
13:45:57 [INFO] Lidar[/dev/ttyUSB0]: Scan started
13:45:57 [INFO] rplidar: Starting motor
13:45:57 [INFO] rplidar: starting scan process in normal mode
13:46:12 [INFO] rplidar: Stopping scanning
13:46:12 [INFO] Lidar[/dev/ttyUSB0]: Scan started
13:46:12 [INFO] rplidar: Starting motor
13:46:12 [INFO] rplidar: starting scan process in normal mode
13:46:27 [INFO] rplidar: Stopping scanning
13:46:27 [INFO] Lidar[/dev/ttyUSB0]: Scan started
13:46:27 [INFO] rplidar: Starting motor
13:46:27 [INFO] rplidar: starting scan process in normal mode
13:46:42 [INFO] rplidar: Stopping scanning
13:46:42 [INFO] Lidar[/dev/ttyUSB0]: Scan started
13:46:42 [INFO] rplidar: Starting motor
13:46:42 [INFO] rplidar: starting scan process in normal mode
13:46:56 [INFO] rplidar: Stopping scanning
13:46:56 [INFO] Lidar[/dev/ttyUSB0]: Scan started
13:46:56 [INFO] rplidar: Starting motor
13:46:56 [INFO] rplidar: starting scan process in normal mode
13:47:11 [INFO] rplidar: Stopping scanning
13:47:11 [INFO] Lidar[/dev/ttyUSB0]: Scan started
13:47:11 [INFO] rplidar: Starting motor
13:47:11 [INFO] rplidar: starting scan process in normal mode
13:47:26 [INFO] rplidar: Stopping scanning
13:47:26 [INFO] Lidar[/dev/ttyUSB0]: Scan started
13:47:26 [INFO] rplidar: Starting motor
13:47:26 [INFO] rplidar: starting scan process in normal mode
13:47:40 [INFO] rplidar: Stopping scanning
13:47:40 [INFO] Lidar[/dev/ttyUSB0]: Scan started
13:47:40 [INFO] rplidar: Starting motor
13:47:40 [INFO] rplidar: starting scan process in normal mode
13:47:55 [INFO] rplidar: Stopping scanning
13:47:55 [INFO] Lidar[/dev/ttyUSB0]: Scan started
13:47:55 [INFO] rplidar: Starting motor
13:47:55 [INFO] rplidar: starting scan process in normal mode
13:48:10 [INFO] rplidar: Stopping scanning
13:48:10 [INFO] Lidar[/dev/ttyUSB0]: Scan started
13:48:10 [INFO] rplidar: Starting motor
13:48:10 [INFO] rplidar: starting scan process in normal mode
13:48:25 [INFO] rplidar: Stopping scanning
13:48:25 [INFO] Lidar[/dev/ttyUSB0]: Scan started
13:48:25 [INFO] rplidar: Starting motor
13:48:25 [INFO] rplidar: starting scan process in normal mode
13:48:40 [INFO] rplidar: Stopping scanning
13:48:40 [INFO] Lidar[/dev/ttyUSB0]: Scan started
13:48:40 [INFO] rplidar: Starting motor
13:48:40 [INFO] rplidar: starting scan process in normal mode
13:48:56 [INFO] rplidar: Stopping scanning
13:48:56 [INFO] Lidar[/dev/ttyUSB0]: Scan started
13:48:56 [INFO] rplidar: Starting motor
13:48:56 [INFO] rplidar: starting scan process in normal mode
13:49:11 [INFO] rplidar: Stopping scanning
13:49:11 [INFO] Lidar[/dev/ttyUSB0]: Scan started
13:49:11 [INFO] rplidar: Starting motor
13:49:11 [INFO] rplidar: starting scan process in normal mode
13:49:27 [INFO] rplidar: Stopping scanning
13:49:27 [INFO] Lidar[/dev/ttyUSB0]: Scan started
13:49:27 [INFO] rplidar: Starting motor
13:49:27 [INFO] rplidar: starting scan process in normal mode
