12:43:08 [INFO] Main: Running threads
12:43:08 [INFO] WebSocket: Started WebSocket server on :1026
12:43:08 [INFO] HTTPServer: Started HTTP server on :1025
12:43:08 [INFO] Lidar[/dev/ttyUSB0]: Scan started
12:43:08 [INFO] rplidar: Starting motor
12:43:08 [INFO] rplidar: starting scan process in normal mode
12:43:08 [INFO] Main: Started main. Type `quit` to exit.
12:43:08 [INFO] rplidar: Stopping scanning
12:43:08 [INFO] Lidar[/dev/ttyUSB0]: Scan started
12:43:08 [INFO] rplidar: Starting motor
12:43:08 [INFO] rplidar: starting scan process in normal mode
12:43:09 [INFO] Map[./chunks]: Creating chunk at -3 -2
12:43:09 [INFO] Map[./chunks]: Creating chunk at -2 -3
12:43:09 [INFO] Map[./chunks]: Creating chunk at -1 -3
12:43:09 [INFO] Map[./chunks]: Creating chunk at 0 -3
12:43:09 [INFO] Map[./chunks]: Creating chunk at 0 -4
12:43:09 [INFO] Map[./chunks]: Creating chunk at 1 -4
12:43:09 [INFO] Map[./chunks]: Creating chunk at 2 -4
12:43:09 [INFO] Map[./chunks]: Creating chunk at 3 -2
12:43:09 [INFO] Map[./chunks]: Creating chunk at 2 0
12:43:10 [INFO] Map[./chunks]: Creating chunk at 4 -2
12:43:14 [INFO] Map[./chunks]: Creating chunk at -3 -1
12:43:18 [INFO] websockets.server: connection open
12:43:20 [ERROR] WebSocket: OpenCV(4.11.0) :-1: error: (-5:Bad argument) in function 'flip'
> Overload resolution failed:
>  - src is not a numpy array, neither a scalar
>  - Expected Ptr<cv::UMat> for argument 'src'
Traceback (most recent call last):
  File "/home/qefy/Desktop/vadimych1/src/web/websocket.py", line 16, in process
    responce = self.on_message(data)
  File "/home/qefy/Desktop/vadimych1/main.py", line 340, in handle_ws
    render = self.map.render(self.rx, self.ry, self.path, *(self.target if self.target else (None, None)))
  File "/home/qefy/Desktop/vadimych1/src/map/source.py", line 272, in render
    data = cv2.flip(data, 0)
cv2.error: OpenCV(4.11.0) :-1: error: (-5:Bad argument) in function 'flip'
> Overload resolution failed:
>  - src is not a numpy array, neither a scalar
>  - Expected Ptr<cv::UMat> for argument 'src'

12:43:21 [INFO] rplidar: Stopping scanning
12:43:22 [INFO] Lidar[/dev/ttyUSB0]: Scan started
12:43:22 [INFO] rplidar: Starting motor
12:43:22 [INFO] rplidar: starting scan process in normal mode
12:43:26 [INFO] Map[./chunks]: Creating chunk at 2 -1
12:43:34 [INFO] Map[./chunks]: Creating chunk at 2 -2
12:43:35 [INFO] rplidar: Stopping scanning
12:43:35 [INFO] Lidar[/dev/ttyUSB0]: Scan started
12:43:35 [INFO] rplidar: Starting motor
12:43:35 [INFO] rplidar: starting scan process in normal mode
12:43:37 [INFO] Map[./chunks]: Creating chunk at 3 -1
12:43:38 [INFO] Map[./chunks]: Creating chunk at 4 -1
12:43:49 [INFO] rplidar: Stopping scanning
12:43:49 [INFO] Lidar[/dev/ttyUSB0]: Scan started
12:43:49 [INFO] rplidar: Starting motor
12:43:49 [INFO] rplidar: starting scan process in normal mode
12:44:03 [INFO] rplidar: Stopping scanning
12:44:03 [INFO] Lidar[/dev/ttyUSB0]: Scan started
12:44:03 [INFO] rplidar: Starting motor
12:44:03 [INFO] rplidar: starting scan process in normal mode
