12:46:19 [INFO] Main: Running threads
12:46:19 [INFO] WebSocket: Started WebSocket server on :1026
12:46:19 [INFO] HTTPServer: Started HTTP server on :1025
12:46:19 [INFO] Lidar[/dev/ttyUSB0]: Scan started
12:46:19 [INFO] rplidar: Starting motor
12:46:19 [INFO] rplidar: starting scan process in normal mode
12:46:19 [INFO] rplidar: Stopping scanning
12:46:19 [INFO] Main: Started main. Type `quit` to exit.
12:46:20 [INFO] Lidar[/dev/ttyUSB0]: Scan started
12:46:20 [INFO] rplidar: Starting motor
12:46:20 [INFO] rplidar: starting scan process in normal mode
12:46:21 [INFO] Map[./chunks]: Creating chunk at -3 -2
12:46:21 [INFO] Map[./chunks]: Creating chunk at -2 -3
12:46:21 [INFO] Map[./chunks]: Creating chunk at -1 -3
12:46:21 [INFO] Map[./chunks]: Creating chunk at 0 -3
12:46:21 [INFO] Map[./chunks]: Creating chunk at 0 -4
12:46:21 [INFO] Map[./chunks]: Creating chunk at 2 -4
12:46:21 [INFO] Map[./chunks]: Creating chunk at 3 -2
12:46:21 [INFO] Map[./chunks]: Creating chunk at 2 0
12:46:21 [INFO] Map[./chunks]: Creating chunk at 1 -4
12:46:22 [INFO] Map[./chunks]: Creating chunk at -3 -1
12:46:31 [INFO] Map[./chunks]: Creating chunk at 4 -2
12:46:33 [INFO] Map[./chunks]: Creating chunk at -3 0
12:46:34 [INFO] rplidar: Stopping scanning
12:46:34 [INFO] Lidar[/dev/ttyUSB0]: Scan started
12:46:34 [INFO] rplidar: Starting motor
12:46:34 [INFO] rplidar: starting scan process in normal mode
12:46:36 [INFO] websockets.server: connection open
12:46:48 [INFO] rplidar: Stopping scanning
12:46:48 [INFO] Lidar[/dev/ttyUSB0]: Scan started
12:46:48 [INFO] rplidar: Starting motor
12:46:48 [INFO] rplidar: starting scan process in normal mode
12:46:52 [INFO] Map[./chunks]: Finding path from (0, 0) to (1180, -2720)
12:46:52 [ERROR] WebSocket: OpenCV(4.11.0) /io/opencv/modules/imgcodecs/src/loadsave.cpp:929: error: (-215:Assertion failed) !_img.empty() in function 'imwrite'
Traceback (most recent call last):
  File "/home/qefy/Desktop/vadimych1/src/web/websocket.py", line 16, in process
    responce = self.on_message(data)
  File "/home/qefy/Desktop/vadimych1/main.py", line 325, in handle_ws
    self.path = self.map.create_path(*self.start, *self.target)
  File "/home/qefy/Desktop/vadimych1/src/map/source.py", line 46, in create_path
    path = self._find_path(x1, y1, x2, y2)
  File "/home/qefy/Desktop/vadimych1/src/map/source.py", line 98, in _find_path
    cv2.imwrite("out.png", constructed_map)
cv2.error: OpenCV(4.11.0) /io/opencv/modules/imgcodecs/src/loadsave.cpp:929: error: (-215:Assertion failed) !_img.empty() in function 'imwrite'

12:46:53 [INFO] Main: Updating path
12:46:53 [INFO] Map[./chunks]: Finding path from (0, 0) to (1180, -2720)
12:47:02 [INFO] rplidar: Stopping scanning
12:47:02 [INFO] Lidar[/dev/ttyUSB0]: Scan started
12:47:02 [INFO] rplidar: Starting motor
12:47:02 [INFO] rplidar: starting scan process in normal mode
12:47:16 [INFO] rplidar: Stopping scanning
12:47:16 [INFO] Lidar[/dev/ttyUSB0]: Scan started
12:47:16 [INFO] rplidar: Starting motor
12:47:16 [INFO] rplidar: starting scan process in normal mode
12:47:30 [INFO] rplidar: Stopping scanning
12:47:30 [INFO] Lidar[/dev/ttyUSB0]: Scan started
12:47:30 [INFO] rplidar: Starting motor
12:47:30 [INFO] rplidar: starting scan process in normal mode
12:47:44 [INFO] rplidar: Stopping scanning
12:47:44 [INFO] Lidar[/dev/ttyUSB0]: Scan started
12:47:44 [INFO] rplidar: Starting motor
12:47:44 [INFO] rplidar: starting scan process in normal mode
12:47:57 [INFO] rplidar: Stopping scanning
12:47:57 [INFO] Lidar[/dev/ttyUSB0]: Scan started
12:47:57 [INFO] rplidar: Starting motor
12:47:57 [INFO] rplidar: starting scan process in normal mode
