12:48:15 [INFO] Main: Running threads
12:48:15 [INFO] WebSocket: Started WebSocket server on :1026
12:48:15 [INFO] HTTPServer: Started HTTP server on :1025
12:48:15 [INFO] Lidar[/dev/ttyUSB0]: Scan started
12:48:15 [INFO] rplidar: Starting motor
12:48:15 [INFO] rplidar: starting scan process in normal mode
12:48:15 [INFO] Main: Started main. Type `quit` to exit.
12:48:15 [INFO] rplidar: Stopping scanning
12:48:15 [INFO] Lidar[/dev/ttyUSB0]: Scan started
12:48:15 [INFO] rplidar: Starting motor
12:48:15 [INFO] rplidar: starting scan process in normal mode
12:48:17 [INFO] Map[./chunks]: Creating chunk at -3 -2
12:48:17 [INFO] Map[./chunks]: Creating chunk at -2 -3
12:48:17 [INFO] Map[./chunks]: Creating chunk at -1 -3
12:48:17 [INFO] Map[./chunks]: Creating chunk at 0 -3
12:48:17 [INFO] Map[./chunks]: Creating chunk at 0 -4
12:48:17 [INFO] Map[./chunks]: Creating chunk at 1 -4
12:48:17 [INFO] Map[./chunks]: Creating chunk at 2 -4
12:48:17 [INFO] Map[./chunks]: Creating chunk at 3 -2
12:48:17 [INFO] Map[./chunks]: Creating chunk at 2 0
12:48:17 [INFO] Map[./chunks]: Creating chunk at -3 -1
12:48:19 [INFO] Map[./chunks]: Creating chunk at 4 -2
12:48:23 [INFO] websockets.server: connection open
12:48:29 [INFO] rplidar: Stopping scanning
12:48:29 [INFO] Lidar[/dev/ttyUSB0]: Scan started
12:48:29 [INFO] rplidar: Starting motor
12:48:29 [INFO] rplidar: starting scan process in normal mode
12:48:36 [INFO] Map[./chunks]: Creating chunk at -4 -2
12:48:39 [INFO] Map[./chunks]: Creating chunk at 4 -1
12:48:43 [INFO] rplidar: Stopping scanning
12:48:43 [INFO] Lidar[/dev/ttyUSB0]: Scan started
12:48:43 [INFO] rplidar: Starting motor
12:48:43 [INFO] rplidar: starting scan process in normal mode
12:48:53 [INFO] Map[./chunks]: Finding path from (0, 0) to (-1556.6666666666667, -2016.6666666666665)
12:48:53 [INFO] Main: Updating path
12:48:53 [INFO] Map[./chunks]: Finding path from (0, 0) to (-1556.6666666666667, -2016.6666666666665)
12:48:54 [INFO] Map[./chunks]: Constructed map. Size: (3000, 4000). Using BFS... (0, -1556.6666666666667, 0, -2016.6666666666665, -2000.0, -3000.0)
12:48:54 [INFO] Map[./chunks]: Running A*. Start/end: (2000, 3000)/(443, 983)
12:48:54 [INFO] Map[./chunks]: Finding path. Iter 0
12:48:54 [INFO] Map[./chunks]: Constructed map. Size: (3000, 4000). Using BFS... (0, -1556.6666666666667, 0, -2016.6666666666665, -2000.0, -3000.0)
12:48:54 [INFO] Map[./chunks]: Running A*. Start/end: (2000, 3000)/(443, 983)
12:48:54 [INFO] Map[./chunks]: Finding path. Iter 0
12:49:00 [INFO] Map[./chunks]: Creating chunk at 2 1
12:49:00 [INFO] rplidar: Stopping scanning
12:49:01 [INFO] Lidar[/dev/ttyUSB0]: Scan started
12:49:01 [INFO] rplidar: Starting motor
12:49:01 [INFO] rplidar: starting scan process in normal mode
12:49:02 [INFO] Map[./chunks]: Creating chunk at -3 0
12:49:13 [ERROR] websockets.server: keepalive ping failed
TimeoutError: timed out while closing connection

The above exception was the direct cause of the following exception:

Traceback (most recent call last):
  File "/home/qefy/Desktop/vadimych1/venv/lib/python3.10/site-packages/websockets/sync/connection.py", line 777, in keepalive
    with self.send_context():
  File "/usr/local/lib/python3.10/contextlib.py", line 142, in __exit__
    next(self.gen)
  File "/home/qefy/Desktop/vadimych1/venv/lib/python3.10/site-packages/websockets/sync/connection.py", line 1012, in send_context
    raise self.protocol.close_exc from original_exc
websockets.exceptions.ConnectionClosedError: sent 1011 (internal error) keepalive ping timeout; no close frame received
12:49:15 [INFO] rplidar: Stopping scanning
12:49:15 [INFO] Lidar[/dev/ttyUSB0]: Scan started
12:49:15 [INFO] rplidar: Starting motor
12:49:16 [INFO] rplidar: starting scan process in normal mode
