13:05:03 [INFO] Main: Running threads
13:05:03 [INFO] WebSocket: Started WebSocket server on :1026
13:05:03 [INFO] HTTPServer: Started HTTP server on :1025
13:05:03 [INFO] Lidar[/dev/ttyUSB0]: Scan started
13:05:03 [INFO] rplidar: Starting motor
13:05:03 [INFO] rplidar: starting scan process in normal mode
13:05:03 [INFO] Main: Started main. Type `quit` to exit.
13:05:03 [INFO] rplidar: Stopping scanning
13:05:03 [INFO] Lidar[/dev/ttyUSB0]: Scan started
13:05:03 [INFO] rplidar: Starting motor
13:05:03 [INFO] rplidar: starting scan process in normal mode
13:05:04 [INFO] Map[./chunks]: Creating chunk at 1 -3
13:05:04 [INFO] Map[./chunks]: Creating chunk at -1 -3
13:05:04 [INFO] Map[./chunks]: Creating chunk at 0 -3
13:05:05 [INFO] Map[./chunks]: Creating chunk at -2 -3
13:05:07 [INFO] Map[./chunks]: Creating chunk at -3 -3
13:05:10 [INFO] websockets.server: connection open
13:05:37 [INFO] rplidar: Stopping scanning
13:05:37 [INFO] Lidar[/dev/ttyUSB0]: Scan started
13:05:37 [INFO] rplidar: Starting motor
13:05:37 [INFO] rplidar: starting scan process in normal mode
13:05:42 [INFO] Map[./chunks]: Creating chunk at 2 -3
13:06:10 [INFO] rplidar: Stopping scanning
13:06:10 [INFO] Lidar[/dev/ttyUSB0]: Scan started
13:06:10 [INFO] rplidar: Starting motor
13:06:10 [INFO] rplidar: starting scan process in normal mode
13:06:13 [INFO] Map[./chunks]: Creating chunk at 3 1
13:06:13 [INFO] Map[./chunks]: Creating chunk at 3 -1
13:06:13 [INFO] Map[./chunks]: Creating chunk at 3 0
13:06:13 [INFO] Map[./chunks]: Creating chunk at -3 1
13:06:13 [INFO] Map[./chunks]: Creating chunk at -3 0
13:06:13 [INFO] Map[./chunks]: Creating chunk at -3 -1
13:06:13 [INFO] Map[./chunks]: Creating chunk at -1 -4
13:06:13 [INFO] Map[./chunks]: Creating chunk at -1 -5
13:06:14 [INFO] Map[./chunks]: Creating chunk at 0 -4
13:06:14 [INFO] Map[./chunks]: Creating chunk at 0 -5
13:06:14 [INFO] Map[./chunks]: Creating chunk at 1 3
13:06:14 [INFO] Map[./chunks]: Creating chunk at -1 3
13:06:14 [INFO] Map[./chunks]: Creating chunk at 0 3
13:06:14 [INFO] Map[./chunks]: Creating chunk at 3 2
13:06:16 [INFO] Map[./chunks]: Creating chunk at 4 0
13:06:16 [INFO] Map[./chunks]: Creating chunk at 4 1
13:06:17 [INFO] Map[./chunks]: Creating chunk at 2 3
