13:01:34 [INFO] Main: Running threads
13:01:34 [INFO] WebSocket: Started WebSocket server on :1026
13:01:34 [INFO] HTTPServer: Started HTTP server on :1025
13:01:34 [INFO] Lidar[/dev/ttyUSB0]: Scan started
13:01:34 [INFO] rplidar: Starting motor
13:01:34 [INFO] rplidar: starting scan process in normal mode
13:01:34 [INFO] Main: Started main. Type `quit` to exit.
13:01:34 [INFO] rplidar: Stopping scanning
13:01:34 [INFO] Lidar[/dev/ttyUSB0]: Scan started
13:01:34 [INFO] rplidar: Starting motor
13:01:34 [INFO] rplidar: starting scan process in normal mode
13:01:35 [INFO] Map[./chunks]: Creating chunk at 2 3
13:01:35 [INFO] Map[./chunks]: Creating chunk at 0 3
13:01:44 [INFO] websockets.server: connection open
13:01:44 [ERROR] WebSocket: local variable 'data' referenced before assignment
Traceback (most recent call last):
  File "/home/qefy/Desktop/vadimych1/src/web/websocket.py", line 16, in process
    responce = self.on_message(data)
  File "/home/qefy/Desktop/vadimych1/main.py", line 340, in handle_ws
    render = self.map.render(self.rx, self.ry, self.path, *(self.target if self.target else (None, None)))
  File "/home/qefy/Desktop/vadimych1/src/map/source.py", line 271, in render
    data = Image.fromarray(data)
UnboundLocalError: local variable 'data' referenced before assignment
13:01:48 [INFO] Map[./chunks]: Creating chunk at -1 4
13:01:48 [INFO] rplidar: Stopping scanning
13:01:49 [INFO] Lidar[/dev/ttyUSB0]: Scan started
13:01:49 [INFO] rplidar: Starting motor
13:01:49 [INFO] rplidar: starting scan process in normal mode
13:01:51 [INFO] websockets.server: connection open
13:01:51 [ERROR] WebSocket: local variable 'data' referenced before assignment
Traceback (most recent call last):
  File "/home/qefy/Desktop/vadimych1/src/web/websocket.py", line 16, in process
    responce = self.on_message(data)
  File "/home/qefy/Desktop/vadimych1/main.py", line 340, in handle_ws
    render = self.map.render(self.rx, self.ry, self.path, *(self.target if self.target else (None, None)))
  File "/home/qefy/Desktop/vadimych1/src/map/source.py", line 271, in render
    data = Image.fromarray(data)
UnboundLocalError: local variable 'data' referenced before assignment
